2026-09-02 15:03:18,470 INFO Бот запущен
2026-09-02 15:03:53,922 INFO Проверка заявки=4402523 chat_id=650503892
2026-09-02 15:04:35,317 INFO Проверка заявки=4403677 chat_id=650503892
2026-09-03 11:55:56,881 INFO Бот запущен
2026-09-03 11:56:03,810 INFO Проверка заявки=4403584 chat_id=650503892
2026-09-03 12:02:31,130 INFO Бот запущен
2026-09-03 12:02:38,739 INFO Проверка заявки=4403584 chat_id=650503892
2026-09-03 12:02:38,960 ERROR HTTP 404; URL=http://192.168.90.221:4004/otgruzka/hs/imzo_bot/transport_control/?doc_number=4403584; body=<!DOCTYPE html PUBLIC "-//W3C//DTD XHTML 1.0 Strict//EN" "http://www.w3.org/TR/xhtml1/DTD/xhtml1-strict.dtd"> 
<html xmlns="http://www.w3.org/1999/xhtml"> 
<head> 
<title>Подробные данные об ошибке IIS 8.5 - 404.0 - Not found</title> 
<style type="text/css"> 
<!-- 
body{margin:0;font-size:.7em;font-family:Verdana,Arial,Helvetica,sans-serif;} 
code{margin:0;color:#006600;font-size:1.1em;font-weight:bold;} 
.config_source code{font-size:.8em;color:#000000;} 
pre{margin:0;font-size:1.4em;word-wrap:break-word;} 
ul,ol{margin:10px 0 10px 5px;} 
ul.first,ol.first{margin-top:5px;} 
fieldset{padding:0 15px 10px 15px;word-break:break-all;} 
.summary-container fieldset{padding-bottom:5px;margin-top:4px;} 
legend.no-expand-all{padding:2px 15px 4px 10px;margin:0 0 0 -12px;} 
legend{color:#333333;;margin:4px 0 8px -12px;_margin-top:0px; 
font-weight:bold;font-size:1em;} 
a:link,a:visited{color:#007EFF;font-weight:bold;} 
a:hover{text-decoration:none;} 
h1{font-size:2.4em;margin:0;color:#FFF;} 
h2{font-size:1.7em;margin:0;color:#CC0000;} 
h3{font-size:1.4em;margin:10px 0 0 0;color:#CC0000;} 
h4{font-size:1.2em;margin:10px 0 5px 0; 
}#header{width:96%;margin:0 0 0 0;padding:6px 2% 6px 2%;font-family:"trebuchet MS",Verdana,sans-serif; 
 color:#FFF;background-color:#5C87B2; 
}#content{margin:0 0 0 2%;position:relative;} 
.summary-container,.content-container{background:#FFF;width:96%;margin-top:8px;padding:10px;position:relative;} 
.content-container p{margin:0 0 10px 0; 
}#details-left{width:35%;float:left;margin-right:2%; 
}#details-right{width:63%;float:left;overflow:hidden; 
}#server_version{width:96%;_height:1px;min-height:1px;margin:0 0 5px 0;padding:11px 2% 8px 2%;color:#FFFFFF; 
 background-color:#5A7FA5;border-bottom:1px solid #C1CFDD;border-top:1px solid #4A6C8E;font-weight:normal; 
 font-size:1em;color:#FFF;text-align:right; 
}#server_version p{margin:5px 0;} 
table{margin:4px 0 4px 0;width:100%;border:none;} 
td,th{vertical-align:top;padding:3px 0;text-align:left;font-weight:normal;border:none;} 
th{width:30%;text-align:right;padding-right:2%;font-weight:bold;} 
thead th{background-color:#ebebeb;width:25%; 
}#details-right th{width:20%;} 
table tr.alt td,table tr.alt th{} 
.highlight-code{color:#CC0000;font-weight:bold;font-style:italic;} 
.clear{clear:both;} 
.preferred{padding:0 5px 2px 5px;font-weight:normal;background:#006633;color:#FFF;font-size:.8em;} 
--> 
</style> 
 
</head> 
<body> 
<div id="content"> 
<div class="content-container"> 
  <h3>Ошибка HTTP 404.0 - Not found</h3> 
  <h4>Разыскиваемый вами ресурс был удален, было изменено его имя или он временно недоступен.</h4> 
</div> 
<div class="content-container"> 
 <fieldset><h4>Наиболее вероятные причины:</h4> 
  <ul> 	<li>Указанный каталог или файл не существует на данном веб-сервере.</li> 	<li>URL-адрес содержит орфографическую ошибку.</li> 	<li>Специальный фильтр или модуль, такой как URLScan, ограничивает доступ к файлу.</li> </ul> 
 </fieldset> 
</div> 
<div class="content-container"> 

2026-09-03 12:04:48,567 INFO Бот запущен
2026-09-03 12:04:54,078 INFO Проверка заявки=4403584 chat_id=650503892
2026-09-03 12:04:54,262 ERROR HTTP 404; URL=http://192.168.90.221:4004/otgruzka/hs/imzo_bot/transport_control/?doc_number=4403584; body=<!DOCTYPE html PUBLIC "-//W3C//DTD XHTML 1.0 Strict//EN" "http://www.w3.org/TR/xhtml1/DTD/xhtml1-strict.dtd"> 
<html xmlns="http://www.w3.org/1999/xhtml"> 
<head> 
<title>Подробные данные об ошибке IIS 8.5 - 404.0 - Not found</title> 
<style type="text/css"> 
<!-- 
body{margin:0;font-size:.7em;font-family:Verdana,Arial,Helvetica,sans-serif;} 
code{margin:0;color:#006600;font-size:1.1em;font-weight:bold;} 
.config_source code{font-size:.8em;color:#000000;} 
pre{margin:0;font-size:1.4em;word-wrap:break-word;} 
ul,ol{margin:10px 0 10px 5px;} 
ul.first,ol.first{margin-top:5px;} 
fieldset{padding:0 15px 10px 15px;word-break:break-all;} 
.summary-container fieldset{padding-bottom:5px;margin-top:4px;} 
legend.no-expand-all{padding:2px 15px 4px 10px;margin:0 0 0 -12px;} 
legend{color:#333333;;margin:4px 0 8px -12px;_margin-top:0px; 
font-weight:bold;font-size:1em;} 
a:link,a:visited{color:#007EFF;font-weight:bold;} 
a:hover{text-decoration:none;} 
h1{font-size:2.4em;margin:0;color:#FFF;} 
h2{font-size:1.7em;margin:0;color:#CC0000;} 
h3{font-size:1.4em;margin:10px 0 0 0;color:#CC0000;} 
h4{font-size:1.2em;margin:10px 0 5px 0; 
}#header{width:96%;margin:0 0 0 0;padding:6px 2% 6px 2%;font-family:"trebuchet MS",Verdana,sans-serif; 
 color:#FFF;background-color:#5C87B2; 
}#content{margin:0 0 0 2%;position:relative;} 
.summary-container,.content-container{background:#FFF;width:96%;margin-top:8px;padding:10px;position:relative;} 
.content-container p{margin:0 0 10px 0; 
}#details-left{width:35%;float:left;margin-right:2%; 
}#details-right{width:63%;float:left;overflow:hidden; 
}#server_version{width:96%;_height:1px;min-height:1px;margin:0 0 5px 0;padding:11px 2% 8px 2%;color:#FFFFFF; 
 background-color:#5A7FA5;border-bottom:1px solid #C1CFDD;border-top:1px solid #4A6C8E;font-weight:normal; 
 font-size:1em;color:#FFF;text-align:right; 
}#server_version p{margin:5px 0;} 
table{margin:4px 0 4px 0;width:100%;border:none;} 
td,th{vertical-align:top;padding:3px 0;text-align:left;font-weight:normal;border:none;} 
th{width:30%;text-align:right;padding-right:2%;font-weight:bold;} 
thead th{background-color:#ebebeb;width:25%; 
}#details-right th{width:20%;} 
table tr.alt td,table tr.alt th{} 
.highlight-code{color:#CC0000;font-weight:bold;font-style:italic;} 
.clear{clear:both;} 
.preferred{padding:0 5px 2px 5px;font-weight:normal;background:#006633;color:#FFF;font-size:.8em;} 
--> 
</style> 
 
</head> 
<body> 
<div id="content"> 
<div class="content-container"> 
  <h3>Ошибка HTTP 404.0 - Not found</h3> 
  <h4>Разыскиваемый вами ресурс был удален, было изменено его имя или он временно недоступен.</h4> 
</div> 
<div class="content-container"> 
 <fieldset><h4>Наиболее вероятные причины:</h4> 
  <ul> 	<li>Указанный каталог или файл не существует на данном веб-сервере.</li> 	<li>URL-адрес содержит орфографическую ошибку.</li> 	<li>Специальный фильтр или модуль, такой как URLScan, ограничивает доступ к файлу.</li> </ul> 
 </fieldset> 
</div> 
<div class="content-container"> 

2026-09-03 12:06:13,228 INFO Бот запущен
2026-09-03 12:06:25,084 INFO Проверка заявки=4403584 chat_id=650503892
2026-09-03 12:07:53,277 INFO Бот запущен
2026-09-03 12:07:58,214 INFO Проверка заявки=4403584 chat_id=650503892
2026-09-03 12:07:58,410 ERROR HTTP 404; URL=http://192.168.90.221:4004/otgruzka/hs/imzo_bot/transport_control/?doc_number=4403584; body=<!DOCTYPE html PUBLIC "-//W3C//DTD XHTML 1.0 Strict//EN" "http://www.w3.org/TR/xhtml1/DTD/xhtml1-strict.dtd"> 
<html xmlns="http://www.w3.org/1999/xhtml"> 
<head> 
<title>Подробные данные об ошибке IIS 8.5 - 404.0 - Not found</title> 
<style type="text/css"> 
<!-- 
body{margin:0;font-size:.7em;font-family:Verdana,Arial,Helvetica,sans-serif;} 
code{margin:0;color:#006600;font-size:1.1em;font-weight:bold;} 
.config_source code{font-size:.8em;color:#000000;} 
pre{margin:0;font-size:1.4em;word-wrap:break-word;} 
ul,ol{margin:10px 0 10px 5px;} 
ul.first,ol.first{margin-top:5px;} 
fieldset{padding:0 15px 10px 15px;word-break:break-all;} 
.summary-container fieldset{padding-bottom:5px;margin-top:4px;} 
legend.no-expand-all{padding:2px 15px 4px 10px;margin:0 0 0 -12px;} 
legend{color:#333333;;margin:4px 0 8px -12px;_margin-top:0px; 
font-weight:bold;font-size:1em;} 
a:link,a:visited{color:#007EFF;font-weight:bold;} 
a:hover{text-decoration:none;} 
h1{font-size:2.4em;margin:0;color:#FFF;} 
h2{font-size:1.7em;margin:0;color:#CC0000;} 
h3{font-size:1.4em;margin:10px 0 0 0;color:#CC0000;} 
h4{font-size:1.2em;margin:10px 0 5px 0; 
}#header{width:96%;margin:0 0 0 0;padding:6px 2% 6px 2%;font-family:"trebuchet MS",Verdana,sans-serif; 
 color:#FFF;background-color:#5C87B2; 
}#content{margin:0 0 0 2%;position:relative;} 
.summary-container,.content-container{background:#FFF;width:96%;margin-top:8px;padding:10px;position:relative;} 
.content-container p{margin:0 0 10px 0; 
}#details-left{width:35%;float:left;margin-right:2%; 
}#details-right{width:63%;float:left;overflow:hidden; 
}#server_version{width:96%;_height:1px;min-height:1px;margin:0 0 5px 0;padding:11px 2% 8px 2%;color:#FFFFFF; 
 background-color:#5A7FA5;border-bottom:1px solid #C1CFDD;border-top:1px solid #4A6C8E;font-weight:normal; 
 font-size:1em;color:#FFF;text-align:right; 
}#server_version p{margin:5px 0;} 
table{margin:4px 0 4px 0;width:100%;border:none;} 
td,th{vertical-align:top;padding:3px 0;text-align:left;font-weight:normal;border:none;} 
th{width:30%;text-align:right;padding-right:2%;font-weight:bold;} 
thead th{background-color:#ebebeb;width:25%; 
}#details-right th{width:20%;} 
table tr.alt td,table tr.alt th{} 
.highlight-code{color:#CC0000;font-weight:bold;font-style:italic;} 
.clear{clear:both;} 
.preferred{padding:0 5px 2px 5px;font-weight:normal;background:#006633;color:#FFF;font-size:.8em;} 
--> 
</style> 
 
</head> 
<body> 
<div id="content"> 
<div class="content-container"> 
  <h3>Ошибка HTTP 404.0 - Not found</h3> 
  <h4>Разыскиваемый вами ресурс был удален, было изменено его имя или он временно недоступен.</h4> 
</div> 
<div class="content-container"> 
 <fieldset><h4>Наиболее вероятные причины:</h4> 
  <ul> 	<li>Указанный каталог или файл не существует на данном веб-сервере.</li> 	<li>URL-адрес содержит орфографическую ошибку.</li> 	<li>Специальный фильтр или модуль, такой как URLScan, ограничивает доступ к файлу.</li> </ul> 
 </fieldset> 
</div> 
<div class="content-container"> 

2026-09-03 12:17:43,425 INFO Бот запущен
2026-09-03 12:18:00,680 INFO Проверка заявки=4403584 chat_id=650503892
2026-09-03 12:18:00,831 ERROR HTTP 404; URL=http://192.168.90.221:4004/otgruzka/hs/imzo_bot/transport_control/?doc_number=4403584; body=<!DOCTYPE html PUBLIC "-//W3C//DTD XHTML 1.0 Strict//EN" "http://www.w3.org/TR/xhtml1/DTD/xhtml1-strict.dtd"> 
<html xmlns="http://www.w3.org/1999/xhtml"> 
<head> 
<title>Подробные данные об ошибке IIS 8.5 - 404.0 - Not found</title> 
<style type="text/css"> 
<!-- 
body{margin:0;font-size:.7em;font-family:Verdana,Arial,Helvetica,sans-serif;} 
code{margin:0;color:#006600;font-size:1.1em;font-weight:bold;} 
.config_source code{font-size:.8em;color:#000000;} 
pre{margin:0;font-size:1.4em;word-wrap:break-word;} 
ul,ol{margin:10px 0 10px 5px;} 
ul.first,ol.first{margin-top:5px;} 
fieldset{padding:0 15px 10px 15px;word-break:break-all;} 
.summary-container fieldset{padding-bottom:5px;margin-top:4px;} 
legend.no-expand-all{padding:2px 15px 4px 10px;margin:0 0 0 -12px;} 
legend{color:#333333;;margin:4px 0 8px -12px;_margin-top:0px; 
font-weight:bold;font-size:1em;} 
a:link,a:visited{color:#007EFF;font-weight:bold;} 
a:hover{text-decoration:none;} 
h1{font-size:2.4em;margin:0;color:#FFF;} 
h2{font-size:1.7em;margin:0;color:#CC0000;} 
h3{font-size:1.4em;margin:10px 0 0 0;color:#CC0000;} 
h4{font-size:1.2em;margin:10px 0 5px 0; 
}#header{width:96%;margin:0 0 0 0;padding:6px 2% 6px 2%;font-family:"trebuchet MS",Verdana,sans-serif; 
 color:#FFF;background-color:#5C87B2; 
}#content{margin:0 0 0 2%;position:relative;} 
.summary-container,.content-container{background:#FFF;width:96%;margin-top:8px;padding:10px;position:relative;} 
.content-container p{margin:0 0 10px 0; 
}#details-left{width:35%;float:left;margin-right:2%; 
}#details-right{width:63%;float:left;overflow:hidden; 
}#server_version{width:96%;_height:1px;min-height:1px;margin:0 0 5px 0;padding:11px 2% 8px 2%;color:#FFFFFF; 
 background-color:#5A7FA5;border-bottom:1px solid #C1CFDD;border-top:1px solid #4A6C8E;font-weight:normal; 
 font-size:1em;color:#FFF;text-align:right; 
}#server_version p{margin:5px 0;} 
table{margin:4px 0 4px 0;width:100%;border:none;} 
td,th{vertical-align:top;padding:3px 0;text-align:left;font-weight:normal;border:none;} 
th{width:30%;text-align:right;padding-right:2%;font-weight:bold;} 
thead th{background-color:#ebebeb;width:25%; 
}#details-right th{width:20%;} 
table tr.alt td,table tr.alt th{} 
.highlight-code{color:#CC0000;font-weight:bold;font-style:italic;} 
.clear{clear:both;} 
.preferred{padding:0 5px 2px 5px;font-weight:normal;background:#006633;color:#FFF;font-size:.8em;} 
--> 
</style> 
 
</head> 
<body> 
<div id="content"> 
<div class="content-container"> 
  <h3>Ошибка HTTP 404.0 - Not found</h3> 
  <h4>Разыскиваемый вами ресурс был удален, было изменено его имя или он временно недоступен.</h4> 
</div> 
<div class="content-container"> 
 <fieldset><h4>Наиболее вероятные причины:</h4> 
  <ul> 	<li>Указанный каталог или файл не существует на данном веб-сервере.</li> 	<li>URL-адрес содержит орфографическую ошибку.</li> 	<li>Специальный фильтр или модуль, такой как URLScan, ограничивает доступ к файлу.</li> </ul> 
 </fieldset> 
</div> 
<div class="content-container"> 

2026-09-03 17:24:28,335 INFO Бот запущен
2026-09-03 17:24:35,288 INFO Проверка заявки=4403584 chat_id=650503892
2026-09-03 17:24:35,466 ERROR HTTP 404; URL=http://192.168.90.221:4004/otgruzka/hs/imzo_bot/transport_control/?doc_number=4403584; body=<!DOCTYPE html PUBLIC "-//W3C//DTD XHTML 1.0 Strict//EN" "http://www.w3.org/TR/xhtml1/DTD/xhtml1-strict.dtd"> 
<html xmlns="http://www.w3.org/1999/xhtml"> 
<head> 
<title>Подробные данные об ошибке IIS 8.5 - 404.0 - Not found</title> 
<style type="text/css"> 
<!-- 
body{margin:0;font-size:.7em;font-family:Verdana,Arial,Helvetica,sans-serif;} 
code{margin:0;color:#006600;font-size:1.1em;font-weight:bold;} 
.config_source code{font-size:.8em;color:#000000;} 
pre{margin:0;font-size:1.4em;word-wrap:break-word;} 
ul,ol{margin:10px 0 10px 5px;} 
ul.first,ol.first{margin-top:5px;} 
fieldset{padding:0 15px 10px 15px;word-break:break-all;} 
.summary-container fieldset{padding-bottom:5px;margin-top:4px;} 
legend.no-expand-all{padding:2px 15px 4px 10px;margin:0 0 0 -12px;} 
legend{color:#333333;;margin:4px 0 8px -12px;_margin-top:0px; 
font-weight:bold;font-size:1em;} 
a:link,a:visited{color:#007EFF;font-weight:bold;} 
a:hover{text-decoration:none;} 
h1{font-size:2.4em;margin:0;color:#FFF;} 
h2{font-size:1.7em;margin:0;color:#CC0000;} 
h3{font-size:1.4em;margin:10px 0 0 0;color:#CC0000;} 
h4{font-size:1.2em;margin:10px 0 5px 0; 
}#header{width:96%;margin:0 0 0 0;padding:6px 2% 6px 2%;font-family:"trebuchet MS",Verdana,sans-serif; 
 color:#FFF;background-color:#5C87B2; 
}#content{margin:0 0 0 2%;position:relative;} 
.summary-container,.content-container{background:#FFF;width:96%;margin-top:8px;padding:10px;position:relative;} 
.content-container p{margin:0 0 10px 0; 
}#details-left{width:35%;float:left;margin-right:2%; 
}#details-right{width:63%;float:left;overflow:hidden; 
}#server_version{width:96%;_height:1px;min-height:1px;margin:0 0 5px 0;padding:11px 2% 8px 2%;color:#FFFFFF; 
 background-color:#5A7FA5;border-bottom:1px solid #C1CFDD;border-top:1px solid #4A6C8E;font-weight:normal; 
 font-size:1em;color:#FFF;text-align:right; 
}#server_version p{margin:5px 0;} 
table{margin:4px 0 4px 0;width:100%;border:none;} 
td,th{vertical-align:top;padding:3px 0;text-align:left;font-weight:normal;border:none;} 
th{width:30%;text-align:right;padding-right:2%;font-weight:bold;} 
thead th{background-color:#ebebeb;width:25%; 
}#details-right th{width:20%;} 
table tr.alt td,table tr.alt th{} 
.highlight-code{color:#CC0000;font-weight:bold;font-style:italic;} 
.clear{clear:both;} 
.preferred{padding:0 5px 2px 5px;font-weight:normal;background:#006633;color:#FFF;font-size:.8em;} 
--> 
</style> 
 
</head> 
<body> 
<div id="content"> 
<div class="content-container"> 
  <h3>Ошибка HTTP 404.0 - Not found</h3> 
  <h4>Разыскиваемый вами ресурс был удален, было изменено его имя или он временно недоступен.</h4> 
</div> 
<div class="content-container"> 
 <fieldset><h4>Наиболее вероятные причины:</h4> 
  <ul> 	<li>Указанный каталог или файл не существует на данном веб-сервере.</li> 	<li>URL-адрес содержит орфографическую ошибку.</li> 	<li>Специальный фильтр или модуль, такой как URLScan, ограничивает доступ к файлу.</li> </ul> 
 </fieldset> 
</div> 
<div class="content-container"> 

2026-09-03 17:28:07,505 INFO Проверка заявки=4410475 chat_id=650503892
2026-09-03 17:28:07,648 ERROR HTTP 404; URL=http://192.168.90.221:4004/otgruzka/hs/imzo_bot/transport_control/?doc_number=4410475; body=<!DOCTYPE html PUBLIC "-//W3C//DTD XHTML 1.0 Strict//EN" "http://www.w3.org/TR/xhtml1/DTD/xhtml1-strict.dtd"> 
<html xmlns="http://www.w3.org/1999/xhtml"> 
<head> 
<title>Подробные данные об ошибке IIS 8.5 - 404.0 - Not found</title> 
<style type="text/css"> 
<!-- 
body{margin:0;font-size:.7em;font-family:Verdana,Arial,Helvetica,sans-serif;} 
code{margin:0;color:#006600;font-size:1.1em;font-weight:bold;} 
.config_source code{font-size:.8em;color:#000000;} 
pre{margin:0;font-size:1.4em;word-wrap:break-word;} 
ul,ol{margin:10px 0 10px 5px;} 
ul.first,ol.first{margin-top:5px;} 
fieldset{padding:0 15px 10px 15px;word-break:break-all;} 
.summary-container fieldset{padding-bottom:5px;margin-top:4px;} 
legend.no-expand-all{padding:2px 15px 4px 10px;margin:0 0 0 -12px;} 
legend{color:#333333;;margin:4px 0 8px -12px;_margin-top:0px; 
font-weight:bold;font-size:1em;} 
a:link,a:visited{color:#007EFF;font-weight:bold;} 
a:hover{text-decoration:none;} 
h1{font-size:2.4em;margin:0;color:#FFF;} 
h2{font-size:1.7em;margin:0;color:#CC0000;} 
h3{font-size:1.4em;margin:10px 0 0 0;color:#CC0000;} 
h4{font-size:1.2em;margin:10px 0 5px 0; 
}#header{width:96%;margin:0 0 0 0;padding:6px 2% 6px 2%;font-family:"trebuchet MS",Verdana,sans-serif; 
 color:#FFF;background-color:#5C87B2; 
}#content{margin:0 0 0 2%;position:relative;} 
.summary-container,.content-container{background:#FFF;width:96%;margin-top:8px;padding:10px;position:relative;} 
.content-container p{margin:0 0 10px 0; 
}#details-left{width:35%;float:left;margin-right:2%; 
}#details-right{width:63%;float:left;overflow:hidden; 
}#server_version{width:96%;_height:1px;min-height:1px;margin:0 0 5px 0;padding:11px 2% 8px 2%;color:#FFFFFF; 
 background-color:#5A7FA5;border-bottom:1px solid #C1CFDD;border-top:1px solid #4A6C8E;font-weight:normal; 
 font-size:1em;color:#FFF;text-align:right; 
}#server_version p{margin:5px 0;} 
table{margin:4px 0 4px 0;width:100%;border:none;} 
td,th{vertical-align:top;padding:3px 0;text-align:left;font-weight:normal;border:none;} 
th{width:30%;text-align:right;padding-right:2%;font-weight:bold;} 
thead th{background-color:#ebebeb;width:25%; 
}#details-right th{width:20%;} 
table tr.alt td,table tr.alt th{} 
.highlight-code{color:#CC0000;font-weight:bold;font-style:italic;} 
.clear{clear:both;} 
.preferred{padding:0 5px 2px 5px;font-weight:normal;background:#006633;color:#FFF;font-size:.8em;} 
--> 
</style> 
 
</head> 
<body> 
<div id="content"> 
<div class="content-container"> 
  <h3>Ошибка HTTP 404.0 - Not found</h3> 
  <h4>Разыскиваемый вами ресурс был удален, было изменено его имя или он временно недоступен.</h4> 
</div> 
<div class="content-container"> 
 <fieldset><h4>Наиболее вероятные причины:</h4> 
  <ul> 	<li>Указанный каталог или файл не существует на данном веб-сервере.</li> 	<li>URL-адрес содержит орфографическую ошибку.</li> 	<li>Специальный фильтр или модуль, такой как URLScan, ограничивает доступ к файлу.</li> </ul> 
 </fieldset> 
</div> 
<div class="content-container"> 

2026-09-03 17:29:44,474 INFO Бот запущен
2026-09-03 17:29:50,658 INFO Бот запущен
2026-09-03 17:32:18,169 INFO Бот запущен
2026-09-03 17:32:25,552 INFO Проверка заявки=4410475 chat_id=650503892
2026-09-03 17:32:25,770 ERROR HTTP 404; URL=http://192.168.90.221:4004/otgruzka/hs/imzo_bot/transport_control/?doc_number=4410475; body=<!DOCTYPE html PUBLIC "-//W3C//DTD XHTML 1.0 Strict//EN" "http://www.w3.org/TR/xhtml1/DTD/xhtml1-strict.dtd"> 
<html xmlns="http://www.w3.org/1999/xhtml"> 
<head> 
<title>Подробные данные об ошибке IIS 8.5 - 404.0 - Not found</title> 
<style type="text/css"> 
<!-- 
body{margin:0;font-size:.7em;font-family:Verdana,Arial,Helvetica,sans-serif;} 
code{margin:0;color:#006600;font-size:1.1em;font-weight:bold;} 
.config_source code{font-size:.8em;color:#000000;} 
pre{margin:0;font-size:1.4em;word-wrap:break-word;} 
ul,ol{margin:10px 0 10px 5px;} 
ul.first,ol.first{margin-top:5px;} 
fieldset{padding:0 15px 10px 15px;word-break:break-all;} 
.summary-container fieldset{padding-bottom:5px;margin-top:4px;} 
legend.no-expand-all{padding:2px 15px 4px 10px;margin:0 0 0 -12px;} 
legend{color:#333333;;margin:4px 0 8px -12px;_margin-top:0px; 
font-weight:bold;font-size:1em;} 
a:link,a:visited{color:#007EFF;font-weight:bold;} 
a:hover{text-decoration:none;} 
h1{font-size:2.4em;margin:0;color:#FFF;} 
h2{font-size:1.7em;margin:0;color:#CC0000;} 
h3{font-size:1.4em;margin:10px 0 0 0;color:#CC0000;} 
h4{font-size:1.2em;margin:10px 0 5px 0; 
}#header{width:96%;margin:0 0 0 0;padding:6px 2% 6px 2%;font-family:"trebuchet MS",Verdana,sans-serif; 
 color:#FFF;background-color:#5C87B2; 
}#content{margin:0 0 0 2%;position:relative;} 
.summary-container,.content-container{background:#FFF;width:96%;margin-top:8px;padding:10px;position:relative;} 
.content-container p{margin:0 0 10px 0; 
}#details-left{width:35%;float:left;margin-right:2%; 
}#details-right{width:63%;float:left;overflow:hidden; 
}#server_version{width:96%;_height:1px;min-height:1px;margin:0 0 5px 0;padding:11px 2% 8px 2%;color:#FFFFFF; 
 background-color:#5A7FA5;border-bottom:1px solid #C1CFDD;border-top:1px solid #4A6C8E;font-weight:normal; 
 font-size:1em;color:#FFF;text-align:right; 
}#server_version p{margin:5px 0;} 
table{margin:4px 0 4px 0;width:100%;border:none;} 
td,th{vertical-align:top;padding:3px 0;text-align:left;font-weight:normal;border:none;} 
th{width:30%;text-align:right;padding-right:2%;font-weight:bold;} 
thead th{background-color:#ebebeb;width:25%; 
}#details-right th{width:20%;} 
table tr.alt td,table tr.alt th{} 
.highlight-code{color:#CC0000;font-weight:bold;font-style:italic;} 
.clear{clear:both;} 
.preferred{padding:0 5px 2px 5px;font-weight:normal;background:#006633;color:#FFF;font-size:.8em;} 
--> 
</style> 
 
</head> 
<body> 
<div id="content"> 
<div class="content-container"> 
  <h3>Ошибка HTTP 404.0 - Not found</h3> 
  <h4>Разыскиваемый вами ресурс был удален, было изменено его имя или он временно недоступен.</h4> 
</div> 
<div class="content-container"> 
 <fieldset><h4>Наиболее вероятные причины:</h4> 
  <ul> 	<li>Указанный каталог или файл не существует на данном веб-сервере.</li> 	<li>URL-адрес содержит орфографическую ошибку.</li> 	<li>Специальный фильтр или модуль, такой как URLScan, ограничивает доступ к файлу.</li> </ul> 
 </fieldset> 
</div> 
<div class="content-container"> 

2026-09-03 17:33:19,948 INFO Проверка заявки=4408749 chat_id=650503892
2026-09-03 17:33:20,123 ERROR HTTP 404; URL=http://192.168.90.221:4004/otgruzka/hs/imzo_bot/transport_control/?doc_number=4408749; body=<!DOCTYPE html PUBLIC "-//W3C//DTD XHTML 1.0 Strict//EN" "http://www.w3.org/TR/xhtml1/DTD/xhtml1-strict.dtd"> 
<html xmlns="http://www.w3.org/1999/xhtml"> 
<head> 
<title>Подробные данные об ошибке IIS 8.5 - 404.0 - Not found</title> 
<style type="text/css"> 
<!-- 
body{margin:0;font-size:.7em;font-family:Verdana,Arial,Helvetica,sans-serif;} 
code{margin:0;color:#006600;font-size:1.1em;font-weight:bold;} 
.config_source code{font-size:.8em;color:#000000;} 
pre{margin:0;font-size:1.4em;word-wrap:break-word;} 
ul,ol{margin:10px 0 10px 5px;} 
ul.first,ol.first{margin-top:5px;} 
fieldset{padding:0 15px 10px 15px;word-break:break-all;} 
.summary-container fieldset{padding-bottom:5px;margin-top:4px;} 
legend.no-expand-all{padding:2px 15px 4px 10px;margin:0 0 0 -12px;} 
legend{color:#333333;;margin:4px 0 8px -12px;_margin-top:0px; 
font-weight:bold;font-size:1em;} 
a:link,a:visited{color:#007EFF;font-weight:bold;} 
a:hover{text-decoration:none;} 
h1{font-size:2.4em;margin:0;color:#FFF;} 
h2{font-size:1.7em;margin:0;color:#CC0000;} 
h3{font-size:1.4em;margin:10px 0 0 0;color:#CC0000;} 
h4{font-size:1.2em;margin:10px 0 5px 0; 
}#header{width:96%;margin:0 0 0 0;padding:6px 2% 6px 2%;font-family:"trebuchet MS",Verdana,sans-serif; 
 color:#FFF;background-color:#5C87B2; 
}#content{margin:0 0 0 2%;position:relative;} 
.summary-container,.content-container{background:#FFF;width:96%;margin-top:8px;padding:10px;position:relative;} 
.content-container p{margin:0 0 10px 0; 
}#details-left{width:35%;float:left;margin-right:2%; 
}#details-right{width:63%;float:left;overflow:hidden; 
}#server_version{width:96%;_height:1px;min-height:1px;margin:0 0 5px 0;padding:11px 2% 8px 2%;color:#FFFFFF; 
 background-color:#5A7FA5;border-bottom:1px solid #C1CFDD;border-top:1px solid #4A6C8E;font-weight:normal; 
 font-size:1em;color:#FFF;text-align:right; 
}#server_version p{margin:5px 0;} 
table{margin:4px 0 4px 0;width:100%;border:none;} 
td,th{vertical-align:top;padding:3px 0;text-align:left;font-weight:normal;border:none;} 
th{width:30%;text-align:right;padding-right:2%;font-weight:bold;} 
thead th{background-color:#ebebeb;width:25%; 
}#details-right th{width:20%;} 
table tr.alt td,table tr.alt th{} 
.highlight-code{color:#CC0000;font-weight:bold;font-style:italic;} 
.clear{clear:both;} 
.preferred{padding:0 5px 2px 5px;font-weight:normal;background:#006633;color:#FFF;font-size:.8em;} 
--> 
</style> 
 
</head> 
<body> 
<div id="content"> 
<div class="content-container"> 
  <h3>Ошибка HTTP 404.0 - Not found</h3> 
  <h4>Разыскиваемый вами ресурс был удален, было изменено его имя или он временно недоступен.</h4> 
</div> 
<div class="content-container"> 
 <fieldset><h4>Наиболее вероятные причины:</h4> 
  <ul> 	<li>Указанный каталог или файл не существует на данном веб-сервере.</li> 	<li>URL-адрес содержит орфографическую ошибку.</li> 	<li>Специальный фильтр или модуль, такой как URLScan, ограничивает доступ к файлу.</li> </ul> 
 </fieldset> 
</div> 
<div class="content-container"> 

2026-09-03 17:34:32,216 INFO Проверка заявки=4410270 chat_id=650503892
2026-09-03 17:34:32,383 ERROR HTTP 404; URL=http://192.168.90.221:4004/otgruzka/hs/imzo_bot/transport_control/?doc_number=4410270; body=<!DOCTYPE html PUBLIC "-//W3C//DTD XHTML 1.0 Strict//EN" "http://www.w3.org/TR/xhtml1/DTD/xhtml1-strict.dtd"> 
<html xmlns="http://www.w3.org/1999/xhtml"> 
<head> 
<title>Подробные данные об ошибке IIS 8.5 - 404.0 - Not found</title> 
<style type="text/css"> 
<!-- 
body{margin:0;font-size:.7em;font-family:Verdana,Arial,Helvetica,sans-serif;} 
code{margin:0;color:#006600;font-size:1.1em;font-weight:bold;} 
.config_source code{font-size:.8em;color:#000000;} 
pre{margin:0;font-size:1.4em;word-wrap:break-word;} 
ul,ol{margin:10px 0 10px 5px;} 
ul.first,ol.first{margin-top:5px;} 
fieldset{padding:0 15px 10px 15px;word-break:break-all;} 
.summary-container fieldset{padding-bottom:5px;margin-top:4px;} 
legend.no-expand-all{padding:2px 15px 4px 10px;margin:0 0 0 -12px;} 
legend{color:#333333;;margin:4px 0 8px -12px;_margin-top:0px; 
font-weight:bold;font-size:1em;} 
a:link,a:visited{color:#007EFF;font-weight:bold;} 
a:hover{text-decoration:none;} 
h1{font-size:2.4em;margin:0;color:#FFF;} 
h2{font-size:1.7em;margin:0;color:#CC0000;} 
h3{font-size:1.4em;margin:10px 0 0 0;color:#CC0000;} 
h4{font-size:1.2em;margin:10px 0 5px 0; 
}#header{width:96%;margin:0 0 0 0;padding:6px 2% 6px 2%;font-family:"trebuchet MS",Verdana,sans-serif; 
 color:#FFF;background-color:#5C87B2; 
}#content{margin:0 0 0 2%;position:relative;} 
.summary-container,.content-container{background:#FFF;width:96%;margin-top:8px;padding:10px;position:relative;} 
.content-container p{margin:0 0 10px 0; 
}#details-left{width:35%;float:left;margin-right:2%; 
}#details-right{width:63%;float:left;overflow:hidden; 
}#server_version{width:96%;_height:1px;min-height:1px;margin:0 0 5px 0;padding:11px 2% 8px 2%;color:#FFFFFF; 
 background-color:#5A7FA5;border-bottom:1px solid #C1CFDD;border-top:1px solid #4A6C8E;font-weight:normal; 
 font-size:1em;color:#FFF;text-align:right; 
}#server_version p{margin:5px 0;} 
table{margin:4px 0 4px 0;width:100%;border:none;} 
td,th{vertical-align:top;padding:3px 0;text-align:left;font-weight:normal;border:none;} 
th{width:30%;text-align:right;padding-right:2%;font-weight:bold;} 
thead th{background-color:#ebebeb;width:25%; 
}#details-right th{width:20%;} 
table tr.alt td,table tr.alt th{} 
.highlight-code{color:#CC0000;font-weight:bold;font-style:italic;} 
.clear{clear:both;} 
.preferred{padding:0 5px 2px 5px;font-weight:normal;background:#006633;color:#FFF;font-size:.8em;} 
--> 
</style> 
 
</head> 
<body> 
<div id="content"> 
<div class="content-container"> 
  <h3>Ошибка HTTP 404.0 - Not found</h3> 
  <h4>Разыскиваемый вами ресурс был удален, было изменено его имя или он временно недоступен.</h4> 
</div> 
<div class="content-container"> 
 <fieldset><h4>Наиболее вероятные причины:</h4> 
  <ul> 	<li>Указанный каталог или файл не существует на данном веб-сервере.</li> 	<li>URL-адрес содержит орфографическую ошибку.</li> 	<li>Специальный фильтр или модуль, такой как URLScan, ограничивает доступ к файлу.</li> </ul> 
 </fieldset> 
</div> 
<div class="content-container"> 

2026-09-03 17:35:20,649 INFO Проверка заявки=4410153 chat_id=650503892
2026-09-03 17:35:20,865 ERROR HTTP 404; URL=http://192.168.90.221:4004/otgruzka/hs/imzo_bot/transport_control/?doc_number=4410153; body=<!DOCTYPE html PUBLIC "-//W3C//DTD XHTML 1.0 Strict//EN" "http://www.w3.org/TR/xhtml1/DTD/xhtml1-strict.dtd"> 
<html xmlns="http://www.w3.org/1999/xhtml"> 
<head> 
<title>Подробные данные об ошибке IIS 8.5 - 404.0 - Not found</title> 
<style type="text/css"> 
<!-- 
body{margin:0;font-size:.7em;font-family:Verdana,Arial,Helvetica,sans-serif;} 
code{margin:0;color:#006600;font-size:1.1em;font-weight:bold;} 
.config_source code{font-size:.8em;color:#000000;} 
pre{margin:0;font-size:1.4em;word-wrap:break-word;} 
ul,ol{margin:10px 0 10px 5px;} 
ul.first,ol.first{margin-top:5px;} 
fieldset{padding:0 15px 10px 15px;word-break:break-all;} 
.summary-container fieldset{padding-bottom:5px;margin-top:4px;} 
legend.no-expand-all{padding:2px 15px 4px 10px;margin:0 0 0 -12px;} 
legend{color:#333333;;margin:4px 0 8px -12px;_margin-top:0px; 
font-weight:bold;font-size:1em;} 
a:link,a:visited{color:#007EFF;font-weight:bold;} 
a:hover{text-decoration:none;} 
h1{font-size:2.4em;margin:0;color:#FFF;} 
h2{font-size:1.7em;margin:0;color:#CC0000;} 
h3{font-size:1.4em;margin:10px 0 0 0;color:#CC0000;} 
h4{font-size:1.2em;margin:10px 0 5px 0; 
}#header{width:96%;margin:0 0 0 0;padding:6px 2% 6px 2%;font-family:"trebuchet MS",Verdana,sans-serif; 
 color:#FFF;background-color:#5C87B2; 
}#content{margin:0 0 0 2%;position:relative;} 
.summary-container,.content-container{background:#FFF;width:96%;margin-top:8px;padding:10px;position:relative;} 
.content-container p{margin:0 0 10px 0; 
}#details-left{width:35%;float:left;margin-right:2%; 
}#details-right{width:63%;float:left;overflow:hidden; 
}#server_version{width:96%;_height:1px;min-height:1px;margin:0 0 5px 0;padding:11px 2% 8px 2%;color:#FFFFFF; 
 background-color:#5A7FA5;border-bottom:1px solid #C1CFDD;border-top:1px solid #4A6C8E;font-weight:normal; 
 font-size:1em;color:#FFF;text-align:right; 
}#server_version p{margin:5px 0;} 
table{margin:4px 0 4px 0;width:100%;border:none;} 
td,th{vertical-align:top;padding:3px 0;text-align:left;font-weight:normal;border:none;} 
th{width:30%;text-align:right;padding-right:2%;font-weight:bold;} 
thead th{background-color:#ebebeb;width:25%; 
}#details-right th{width:20%;} 
table tr.alt td,table tr.alt th{} 
.highlight-code{color:#CC0000;font-weight:bold;font-style:italic;} 
.clear{clear:both;} 
.preferred{padding:0 5px 2px 5px;font-weight:normal;background:#006633;color:#FFF;font-size:.8em;} 
--> 
</style> 
 
</head> 
<body> 
<div id="content"> 
<div class="content-container"> 
  <h3>Ошибка HTTP 404.0 - Not found</h3> 
  <h4>Разыскиваемый вами ресурс был удален, было изменено его имя или он временно недоступен.</h4> 
</div> 
<div class="content-container"> 
 <fieldset><h4>Наиболее вероятные причины:</h4> 
  <ul> 	<li>Указанный каталог или файл не существует на данном веб-сервере.</li> 	<li>URL-адрес содержит орфографическую ошибку.</li> 	<li>Специальный фильтр или модуль, такой как URLScan, ограничивает доступ к файлу.</li> </ul> 
 </fieldset> 
</div> 
<div class="content-container"> 

2026-09-03 17:39:53,283 INFO Проверка заявки=4408749 chat_id=650503892
2026-09-03 17:39:53,601 ERROR HTTP 404; URL=http://192.168.90.221:4004/otgruzka/hs/imzo_bot/transport_control/?doc_number=4408749; body=<!DOCTYPE html PUBLIC "-//W3C//DTD XHTML 1.0 Strict//EN" "http://www.w3.org/TR/xhtml1/DTD/xhtml1-strict.dtd"> 
<html xmlns="http://www.w3.org/1999/xhtml"> 
<head> 
<title>Подробные данные об ошибке IIS 8.5 - 404.0 - Not found</title> 
<style type="text/css"> 
<!-- 
body{margin:0;font-size:.7em;font-family:Verdana,Arial,Helvetica,sans-serif;} 
code{margin:0;color:#006600;font-size:1.1em;font-weight:bold;} 
.config_source code{font-size:.8em;color:#000000;} 
pre{margin:0;font-size:1.4em;word-wrap:break-word;} 
ul,ol{margin:10px 0 10px 5px;} 
ul.first,ol.first{margin-top:5px;} 
fieldset{padding:0 15px 10px 15px;word-break:break-all;} 
.summary-container fieldset{padding-bottom:5px;margin-top:4px;} 
legend.no-expand-all{padding:2px 15px 4px 10px;margin:0 0 0 -12px;} 
legend{color:#333333;;margin:4px 0 8px -12px;_margin-top:0px; 
font-weight:bold;font-size:1em;} 
a:link,a:visited{color:#007EFF;font-weight:bold;} 
a:hover{text-decoration:none;} 
h1{font-size:2.4em;margin:0;color:#FFF;} 
h2{font-size:1.7em;margin:0;color:#CC0000;} 
h3{font-size:1.4em;margin:10px 0 0 0;color:#CC0000;} 
h4{font-size:1.2em;margin:10px 0 5px 0; 
}#header{width:96%;margin:0 0 0 0;padding:6px 2% 6px 2%;font-family:"trebuchet MS",Verdana,sans-serif; 
 color:#FFF;background-color:#5C87B2; 
}#content{margin:0 0 0 2%;position:relative;} 
.summary-container,.content-container{background:#FFF;width:96%;margin-top:8px;padding:10px;position:relative;} 
.content-container p{margin:0 0 10px 0; 
}#details-left{width:35%;float:left;margin-right:2%; 
}#details-right{width:63%;float:left;overflow:hidden; 
}#server_version{width:96%;_height:1px;min-height:1px;margin:0 0 5px 0;padding:11px 2% 8px 2%;color:#FFFFFF; 
 background-color:#5A7FA5;border-bottom:1px solid #C1CFDD;border-top:1px solid #4A6C8E;font-weight:normal; 
 font-size:1em;color:#FFF;text-align:right; 
}#server_version p{margin:5px 0;} 
table{margin:4px 0 4px 0;width:100%;border:none;} 
td,th{vertical-align:top;padding:3px 0;text-align:left;font-weight:normal;border:none;} 
th{width:30%;text-align:right;padding-right:2%;font-weight:bold;} 
thead th{background-color:#ebebeb;width:25%; 
}#details-right th{width:20%;} 
table tr.alt td,table tr.alt th{} 
.highlight-code{color:#CC0000;font-weight:bold;font-style:italic;} 
.clear{clear:both;} 
.preferred{padding:0 5px 2px 5px;font-weight:normal;background:#006633;color:#FFF;font-size:.8em;} 
--> 
</style> 
 
</head> 
<body> 
<div id="content"> 
<div class="content-container"> 
  <h3>Ошибка HTTP 404.0 - Not found</h3> 
  <h4>Разыскиваемый вами ресурс был удален, было изменено его имя или он временно недоступен.</h4> 
</div> 
<div class="content-container"> 
 <fieldset><h4>Наиболее вероятные причины:</h4> 
  <ul> 	<li>Указанный каталог или файл не существует на данном веб-сервере.</li> 	<li>URL-адрес содержит орфографическую ошибку.</li> 	<li>Специальный фильтр или модуль, такой как URLScan, ограничивает доступ к файлу.</li> </ul> 
 </fieldset> 
</div> 
<div class="content-container"> 

2026-09-04 10:47:40,953 INFO Бот запущен
2026-09-04 10:47:53,601 INFO Проверка заявки=4408749 chat_id=650503892
2026-09-04 10:48:18,787 INFO Проверка заявки=4410270 chat_id=650503892
2026-09-04 10:48:32,456 INFO Проверка заявки=4408749 chat_id=650503892
2026-09-04 10:48:56,691 INFO Проверка заявки=4411939 chat_id=650503892
2026-09-04 10:49:37,573 INFO Проверка заявки=4411898 chat_id=650503892
2026-09-04 10:50:12,369 INFO Проверка заявки=4411878 chat_id=650503892
2026-09-04 10:50:42,379 INFO Проверка заявки=4411758 chat_id=650503892
2026-09-04 10:51:12,779 INFO Проверка заявки=4411643 chat_id=650503892
2026-09-04 10:52:08,194 INFO Проверка заявки=4410949 chat_id=650503892
2026-09-04 10:53:14,958 INFO Проверка заявки=4410687 chat_id=650503892
2026-09-04 10:56:04,559 INFO Проверка заявки=4363542 chat_id=650503892
2026-09-04 10:56:04,858 ERROR HTTP 404; URL=http://192.168.90.221:4004/otgruzka/hs/imzo_bot/transport_control/?doc_number=4363542; body=<!DOCTYPE html PUBLIC "-//W3C//DTD XHTML 1.0 Strict//EN" "http://www.w3.org/TR/xhtml1/DTD/xhtml1-strict.dtd"> 
<html xmlns="http://www.w3.org/1999/xhtml"> 
<head> 
<title>Подробные данные об ошибке IIS 8.5 - 404.0 - Not found</title> 
<style type="text/css"> 
<!-- 
body{margin:0;font-size:.7em;font-family:Verdana,Arial,Helvetica,sans-serif;} 
code{margin:0;color:#006600;font-size:1.1em;font-weight:bold;} 
.config_source code{font-size:.8em;color:#000000;} 
pre{margin:0;font-size:1.4em;word-wrap:break-word;} 
ul,ol{margin:10px 0 10px 5px;} 
ul.first,ol.first{margin-top:5px;} 
fieldset{padding:0 15px 10px 15px;word-break:break-all;} 
.summary-container fieldset{padding-bottom:5px;margin-top:4px;} 
legend.no-expand-all{padding:2px 15px 4px 10px;margin:0 0 0 -12px;} 
legend{color:#333333;;margin:4px 0 8px -12px;_margin-top:0px; 
font-weight:bold;font-size:1em;} 
a:link,a:visited{color:#007EFF;font-weight:bold;} 
a:hover{text-decoration:none;} 
h1{font-size:2.4em;margin:0;color:#FFF;} 
h2{font-size:1.7em;margin:0;color:#CC0000;} 
h3{font-size:1.4em;margin:10px 0 0 0;color:#CC0000;} 
h4{font-size:1.2em;margin:10px 0 5px 0; 
}#header{width:96%;margin:0 0 0 0;padding:6px 2% 6px 2%;font-family:"trebuchet MS",Verdana,sans-serif; 
 color:#FFF;background-color:#5C87B2; 
}#content{margin:0 0 0 2%;position:relative;} 
.summary-container,.content-container{background:#FFF;width:96%;margin-top:8px;padding:10px;position:relative;} 
.content-container p{margin:0 0 10px 0; 
}#details-left{width:35%;float:left;margin-right:2%; 
}#details-right{width:63%;float:left;overflow:hidden; 
}#server_version{width:96%;_height:1px;min-height:1px;margin:0 0 5px 0;padding:11px 2% 8px 2%;color:#FFFFFF; 
 background-color:#5A7FA5;border-bottom:1px solid #C1CFDD;border-top:1px solid #4A6C8E;font-weight:normal; 
 font-size:1em;color:#FFF;text-align:right; 
}#server_version p{margin:5px 0;} 
table{margin:4px 0 4px 0;width:100%;border:none;} 
td,th{vertical-align:top;padding:3px 0;text-align:left;font-weight:normal;border:none;} 
th{width:30%;text-align:right;padding-right:2%;font-weight:bold;} 
thead th{background-color:#ebebeb;width:25%; 
}#details-right th{width:20%;} 
table tr.alt td,table tr.alt th{} 
.highlight-code{color:#CC0000;font-weight:bold;font-style:italic;} 
.clear{clear:both;} 
.preferred{padding:0 5px 2px 5px;font-weight:normal;background:#006633;color:#FFF;font-size:.8em;} 
--> 
</style> 
 
</head> 
<body> 
<div id="content"> 
<div class="content-container"> 
  <h3>Ошибка HTTP 404.0 - Not found</h3> 
  <h4>Разыскиваемый вами ресурс был удален, было изменено его имя или он временно недоступен.</h4> 
</div> 
<div class="content-container"> 
 <fieldset><h4>Наиболее вероятные причины:</h4> 
  <ul> 	<li>Указанный каталог или файл не существует на данном веб-сервере.</li> 	<li>URL-адрес содержит орфографическую ошибку.</li> 	<li>Специальный фильтр или модуль, такой как URLScan, ограничивает доступ к файлу.</li> </ul> 
 </fieldset> 
</div> 
<div class="content-container"> 

2026-09-04 11:13:59,136 INFO Бот запущен
2026-09-04 11:14:25,389 INFO Проверка заявки=4363542 chat_id=650503892
2026-09-04 11:15:14,591 INFO Проверка заявки=4412032 chat_id=650503892
2026-09-04 11:17:26,887 INFO Проверка заявки=4412032 chat_id=650503892
2026-09-04 11:18:37,675 INFO Проверка заявки=4412066 chat_id=650503892
2026-09-04 11:18:59,370 INFO Проверка заявки=4412068 chat_id=650503892
2026-09-04 11:19:20,926 INFO Проверка заявки=4412061 chat_id=650503892
2026-09-04 11:19:37,163 INFO Проверка заявки=4412050 chat_id=650503892
2026-09-04 11:20:37,327 INFO Проверка заявки=4412026 chat_id=650503892
2026-09-04 11:20:57,114 INFO Проверка заявки=4412039 chat_id=650503892
2026-09-04 11:34:31,042 INFO Бот запущен
2026-09-04 11:34:38,162 INFO Проверка заявки=4412039 chat_id=650503892
2026-09-04 11:39:14,673 INFO Проверка заявки=4410661 chat_id=650503892
2026-09-04 11:39:45,970 INFO Проверка заявки=4400261 chat_id=650503892
2026-09-04 11:39:46,283 ERROR HTTP 404; URL=http://192.168.90.221:4004/otgruzka/hs/imzo_bot/transport_control/?doc_number=4400261; body=<!DOCTYPE html PUBLIC "-//W3C//DTD XHTML 1.0 Strict//EN" "http://www.w3.org/TR/xhtml1/DTD/xhtml1-strict.dtd"> 
<html xmlns="http://www.w3.org/1999/xhtml"> 
<head> 
<title>Подробные данные об ошибке IIS 8.5 - 404.0 - Not found</title> 
<style type="text/css"> 
<!-- 
body{margin:0;font-size:.7em;font-family:Verdana,Arial,Helvetica,sans-serif;} 
code{margin:0;color:#006600;font-size:1.1em;font-weight:bold;} 
.config_source code{font-size:.8em;color:#000000;} 
pre{margin:0;font-size:1.4em;word-wrap:break-word;} 
ul,ol{margin:10px 0 10px 5px;} 
ul.first,ol.first{margin-top:5px;} 
fieldset{padding:0 15px 10px 15px;word-break:break-all;} 
.summary-container fieldset{padding-bottom:5px;margin-top:4px;} 
legend.no-expand-all{padding:2px 15px 4px 10px;margin:0 0 0 -12px;} 
legend{color:#333333;;margin:4px 0 8px -12px;_margin-top:0px; 
font-weight:bold;font-size:1em;} 
a:link,a:visited{color:#007EFF;font-weight:bold;} 
a:hover{text-decoration:none;} 
h1{font-size:2.4em;margin:0;color:#FFF;} 
h2{font-size:1.7em;margin:0;color:#CC0000;} 
h3{font-size:1.4em;margin:10px 0 0 0;color:#CC0000;} 
h4{font-size:1.2em;margin:10px 0 5px 0; 
}#header{width:96%;margin:0 0 0 0;padding:6px 2% 6px 2%;font-family:"trebuchet MS",Verdana,sans-serif; 
 color:#FFF;background-color:#5C87B2; 
}#content{margin:0 0 0 2%;position:relative;} 
.summary-container,.content-container{background:#FFF;width:96%;margin-top:8px;padding:10px;position:relative;} 
.content-container p{margin:0 0 10px 0; 
}#details-left{width:35%;float:left;margin-right:2%; 
}#details-right{width:63%;float:left;overflow:hidden; 
}#server_version{width:96%;_height:1px;min-height:1px;margin:0 0 5px 0;padding:11px 2% 8px 2%;color:#FFFFFF; 
 background-color:#5A7FA5;border-bottom:1px solid #C1CFDD;border-top:1px solid #4A6C8E;font-weight:normal; 
 font-size:1em;color:#FFF;text-align:right; 
}#server_version p{margin:5px 0;} 
table{margin:4px 0 4px 0;width:100%;border:none;} 
td,th{vertical-align:top;padding:3px 0;text-align:left;font-weight:normal;border:none;} 
th{width:30%;text-align:right;padding-right:2%;font-weight:bold;} 
thead th{background-color:#ebebeb;width:25%; 
}#details-right th{width:20%;} 
table tr.alt td,table tr.alt th{} 
.highlight-code{color:#CC0000;font-weight:bold;font-style:italic;} 
.clear{clear:both;} 
.preferred{padding:0 5px 2px 5px;font-weight:normal;background:#006633;color:#FFF;font-size:.8em;} 
--> 
</style> 
 
</head> 
<body> 
<div id="content"> 
<div class="content-container"> 
  <h3>Ошибка HTTP 404.0 - Not found</h3> 
  <h4>Разыскиваемый вами ресурс был удален, было изменено его имя или он временно недоступен.</h4> 
</div> 
<div class="content-container"> 
 <fieldset><h4>Наиболее вероятные причины:</h4> 
  <ul> 	<li>Указанный каталог или файл не существует на данном веб-сервере.</li> 	<li>URL-адрес содержит орфографическую ошибку.</li> 	<li>Специальный фильтр или модуль, такой как URLScan, ограничивает доступ к файлу.</li> </ul> 
 </fieldset> 
</div> 
<div class="content-container"> 

2026-09-04 11:40:08,017 INFO Проверка заявки=4406462 chat_id=650503892
2026-09-04 11:48:04,470 INFO Проверка заявки=4398302 chat_id=650503892
2026-09-04 12:00:45,345 INFO Бот запущен
2026-09-04 12:00:57,005 INFO Проверка заявки=4398302 chat_id=650503892
2026-09-04 12:14:01,062 INFO Проверка заявки=4412185 chat_id=650503892
2026-09-04 12:15:48,928 INFO Проверка заявки=4411661 chat_id=650503892
2026-09-04 14:00:35,184 ERROR Ошибка цикла: The read operation timed out
2026-09-04 14:42:54,709 INFO Бот остановлен
2026-09-04 15:17:36,717 INFO Бот запущен
2026-09-04 15:19:43,006 INFO Проверка заявки=4413259 chat_id=650503892
2026-09-04 15:28:18,858 INFO Бот запущен
2026-09-04 15:28:40,616 INFO Проверка заявки=4412592 chat_id=650503892
2026-09-04 15:29:23,005 INFO Проверка заявки=4413264 chat_id=650503892
2026-09-04 15:30:56,630 INFO Проверка заявки=4412614 chat_id=650503892
2026-09-04 15:41:25,762 INFO Бот запущен
2026-09-04 15:41:26,635 INFO Проверка заявки=4411953 chat_id=650503892
2026-09-04 15:42:17,930 INFO Проверка заявки=4413440 chat_id=650503892
2026-09-04 16:21:52,937 INFO Бот запущен
2026-09-04 16:22:12,241 INFO Проверка заявки=4413440 chat_id=650503892
2026-09-04 16:28:20,971 INFO Бот запущен
2026-09-04 16:28:22,768 INFO Проверка заявки=4413773 chat_id=650503892
2026-09-04 16:35:11,816 INFO Бот запущен
2026-09-04 16:35:27,041 INFO Проверка заявки=4413773 chat_id=650503892
2026-09-04 16:36:24,322 INFO Проверка заявки=4413810 chat_id=650503892
2026-09-04 17:09:23,993 INFO Проверка заявки=4413396 chat_id=650503892
2026-09-04 17:22:09,419 INFO Проверка заявки=4355678 chat_id=650503892
2026-09-04 17:27:02,454 INFO Бот запущен
2026-09-04 17:27:08,366 INFO Проверка заявки=4355678 chat_id=650503892
2026-09-04 17:28:41,692 INFO Проверка заявки=1622253 chat_id=650503892
2026-09-04 17:33:51,647 INFO Бот запущен
2026-09-04 17:36:50,486 INFO Проверка заявки=4414066 chat_id=650503892
2026-09-04 18:05:42,389 ERROR Ошибка цикла: <urlopen error [WinError 10054] Удаленный хост принудительно разорвал существующее подключение>
2026-09-04 18:11:59,193 INFO Проверка заявки=4414281 chat_id=650503892
2026-09-04 18:12:49,720 INFO Проверка заявки=4414281 chat_id=650503892
2026-09-04 18:13:21,384 ERROR Ошибка цикла: [WinError 10054] Удаленный хост принудительно разорвал существующее подключение
2026-09-04 18:13:41,807 INFO Проверка заявки=4414281 chat_id=650503892
2026-09-04 18:14:05,364 INFO Проверка заявки=4414296 chat_id=650503892
2026-09-04 18:15:03,157 INFO Проверка заявки=4413146 chat_id=650503892
2026-09-04 18:15:58,298 INFO Проверка заявки=4411564 chat_id=650503892
2026-09-04 18:18:03,609 INFO Проверка заявки=4411564 chat_id=650503892
2026-09-04 18:18:39,946 INFO Проверка заявки=4411564 chat_id=650503892
2026-09-04 18:19:35,595 INFO Проверка заявки=4411564 chat_id=650503892
2026-09-04 18:31:08,278 ERROR Ошибка цикла: [WinError 10054] Удаленный хост принудительно разорвал существующее подключение
2026-09-04 18:36:56,712 ERROR Ошибка цикла: The read operation timed out
2026-09-04 18:38:55,334 ERROR Ошибка цикла: [WinError 10054] Удаленный хост принудительно разорвал существующее подключение
